app/api/components/[id]/route.ts(9,44): error TS2349: This expression is not callable.
  Each member of the union type '{ <ResultDoc = any>(id: any, projection: ProjectionType<any> | null | undefined, options: QueryOptions<any> & { lean: true; }): Query<any, ResultDoc, {}, any, "findOne", {}>; <ResultDoc = any>(id?: any, projection?: ProjectionType<...> | ... 1 more ... | undefined, options?: QueryOptions<...> | ... 1 more ... | unde...' has signatures, but none of those signatures are compatible with each other.
app/api/components/[id]/route.ts(30,26): error TS2349: This expression is not callable.
  Each member of the union type '{ <ResultDoc = any>(filter: _QueryFilterLooseId<Record<string, any>>, update: UpdateQuery<any>, options: QueryOptions<any> & { includeResultMetadata: true; lean: true; }): Query<...>; (filter: Query<...>, update: UpdateQuery<...>, options: QueryOptions<...> & { ...; }): Query<...>; <ResultDoc = any>(id: any, update:...' has signatures, but none of those signatures are compatible with each other.
app/api/components/[id]/route.ts(41,26): error TS2349: This expression is not callable.
  Each member of the union type '{ <ResultDoc = any>(id: any, options: QueryOptions<any> & { includeResultMetadata: true; lean: true; }): Query<ModifyResult<any>, ResultDoc, {}, any, "findOneAndDelete", {}>; <ResultDoc = any>(id: any, options: QueryOptions<...> & { ...; }): Query<...>; <ResultDoc = any>(id: any, options: QueryOptions<...> & { ...; ...' has signatures, but none of those signatures are compatible with each other.
app/api/inventory/[id]/route.ts(12,31): error TS2349: This expression is not callable.
  Each member of the union type '{ <ResultDoc = any>(filter: _QueryFilterLooseId<Record<string, any>>, update: UpdateQuery<any>, options: QueryOptions<any> & { includeResultMetadata: true; lean: true; }): Query<...>; (filter: Query<...>, update: UpdateQuery<...>, options: QueryOptions<...> & { ...; }): Query<...>; <ResultDoc = any>(id: any, update:...' has signatures, but none of those signatures are compatible with each other.
app/api/inventory/[id]/route.ts(23,31): error TS2349: This expression is not callable.
  Each member of the union type '{ <ResultDoc = any>(id: any, options: QueryOptions<any> & { includeResultMetadata: true; lean: true; }): Query<ModifyResult<any>, ResultDoc, {}, any, "findOneAndDelete", {}>; <ResultDoc = any>(id: any, options: QueryOptions<...> & { ...; }): Query<...>; <ResultDoc = any>(id: any, options: QueryOptions<...> & { ...; ...' has signatures, but none of those signatures are compatible with each other.
app/api/inventory/route.ts(8,54): error TS2345: Argument of type '{}' is not assignable to parameter of type 'Query<any, any, {}, unknown, "find", Record<string, never>>'.
  Type '{}' is missing the following properties from type 'Query<any, any, {}, unknown, "find", Record<string, never>>': _mongooseOptions, exec, $where, all, and 94 more.
app/api/inventory/route.ts(9,50): error TS2345: Argument of type '{}' is not assignable to parameter of type 'Query<any, any, {}, unknown, "find", Record<string, never>>'.
  Type '{}' is missing the following properties from type 'Query<any, any, {}, unknown, "find", Record<string, never>>': _mongooseOptions, exec, $where, all, and 94 more.
app/api/products/[id]/route.ts(9,40): error TS2349: This expression is not callable.
  Each member of the union type '{ <ResultDoc = Document<unknown, {}, IProduct, {}, DefaultSchemaOptions> & IProduct & Required<{ _id: ObjectId; }> & { ...; }>(id: any, projection: ProjectionType<...> | ... 1 more ... | undefined, options: QueryOptions<...> & { ...; }): Query<...>; <ResultDoc = Document<...> & ... 2 more ... & { ...; }>(id?: any, p...' has signatures, but none of those signatures are compatible with each other.
app/api/products/[id]/route.ts(12,45): error TS2353: Object literal may only specify known properties, and 'productId' does not exist in type 'Query<any, any, {}, unknown, "find", Record<string, never>>'.
app/api/products/[id]/route.ts(39,24): error TS2349: This expression is not callable.
  Each member of the union type '{ <ResultDoc = Document<unknown, {}, IProduct, {}, DefaultSchemaOptions> & IProduct & Required<{ _id: ObjectId; }> & { ...; }>(filter: _QueryFilter<...>, update: UpdateQuery<...>, options: QueryOptions<...> & { ...; }): Query<...>; (filter: Query<...>, update: UpdateQuery<...>, options: QueryOptions<...> & { ...; })...' has signatures, but none of those signatures are compatible with each other.
app/api/products/[id]/route.ts(63,24): error TS2349: This expression is not callable.
  Each member of the union type '{ <ResultDoc = Document<unknown, {}, IProduct, {}, DefaultSchemaOptions> & IProduct & Required<{ _id: ObjectId; }> & { ...; }>(id: any, options: QueryOptions<...> & { ...; }): Query<...>; <ResultDoc = Document<...> & ... 2 more ... & { ...; }>(id: any, options: QueryOptions<...> & { ...; }): Query<...>; <ResultDoc =...' has signatures, but none of those signatures are compatible with each other.
app/api/products/route.ts(11,46): error TS2345: Argument of type '{}' is not assignable to parameter of type 'Query<any, any, {}, unknown, "find", Record<string, never>>'.
  Type '{}' is missing the following properties from type 'Query<any, any, {}, unknown, "find", Record<string, never>>': _mongooseOptions, exec, $where, all, and 94 more.
app/api/products/route.ts(12,43): error TS2345: Argument of type '{}' is not assignable to parameter of type 'Query<any, any, {}, unknown, "find", Record<string, never>>'.
  Type '{}' is missing the following properties from type 'Query<any, any, {}, unknown, "find", Record<string, never>>': _mongooseOptions, exec, $where, all, and 94 more.
app/api/products/route.ts(119,40): error TS2345: Argument of type '{ productId: any; componentId: any; quantityRequired: any; }[]' is not assignable to parameter of type 'IBOMEntry[]'.
  Type '{ productId: any; componentId: any; quantityRequired: any; }' is missing the following properties from type 'IBOMEntry': _id, $assertPopulated, $clearModifiedPaths, $clone, and 53 more.
app/api/seed/route.ts(50,33): error TS18047: 'newProd' is possibly 'null'.
app/layout.tsx(3,23): error TS2306: File 'D:/Panevezio Kolegija/Internet Technology/assembly-webapp/node_modules/next/font/google/index.d.ts' is not a module.
components/layout/header.tsx(24,20): error TS1484: 'NavItem' is a type and must be imported using a type-only import when 'verbatimModuleSyntax' is enabled.
components/layout/header.tsx(51,22): error TS2538: Type 'undefined' cannot be used as an index type.
components/layout/sidebar.tsx(12,22): error TS1484: 'NavItem' is a type and must be imported using a type-only import when 'verbatimModuleSyntax' is enabled.
lib/auth-context.tsx(41,7): error TS2322: Type 'string | undefined' is not assignable to type 'string'.
  Type 'undefined' is not assignable to type 'string'.
scripts/seed.ts(63,31): error TS18047: 'newProd' is possibly 'null'.
